2025-07-03T11:11:14.434-03:00  INFO 17140 --- [r2l-authentication-service] [main] c.r.authService.AuthServiceApplication   : Starting AuthServiceApplication using Java 17.0.12 with PID 17140 (D:\Road2Learn\r2l-backend\authService\build\classes\java\main started by leona in D:\Road2Learn\r2l-backend)
2025-07-03T11:11:14.441-03:00 DEBUG 17140 --- [r2l-authentication-service] [main] c.r.authService.AuthServiceApplication   : Running with Spring Boot v3.5.1, Spring v6.2.8
2025-07-03T11:11:14.442-03:00  INFO 17140 --- [r2l-authentication-service] [main] c.r.authService.AuthServiceApplication   : The following 1 profile is active: "local"
2025-07-03T11:11:15.943-03:00  INFO 17140 --- [r2l-authentication-service] [main] .s.d.r.c.RepositoryConfigurationDelegate : Bootstrapping Spring Data JPA repositories in DEFAULT mode.
2025-07-03T11:11:16.021-03:00  INFO 17140 --- [r2l-authentication-service] [main] .s.d.r.c.RepositoryConfigurationDelegate : Finished Spring Data repository scanning in 58 ms. Found 1 JPA repository interface.
2025-07-03T11:11:16.706-03:00  INFO 17140 --- [r2l-authentication-service] [main] o.s.b.w.embedded.tomcat.TomcatWebServer  : Tomcat initialized with port 8001 (http)
2025-07-03T11:11:16.724-03:00  INFO 17140 --- [r2l-authentication-service] [main] o.apache.catalina.core.StandardService   : Starting service [Tomcat]
2025-07-03T11:11:16.724-03:00  INFO 17140 --- [r2l-authentication-service] [main] o.apache.catalina.core.StandardEngine    : Starting Servlet engine: [Apache Tomcat/10.1.42]
2025-07-03T11:11:16.790-03:00  INFO 17140 --- [r2l-authentication-service] [main] o.a.c.c.C.[Tomcat].[localhost].[/]       : Initializing Spring embedded WebApplicationContext
2025-07-03T11:11:16.790-03:00  INFO 17140 --- [r2l-authentication-service] [main] w.s.c.ServletWebServerApplicationContext : Root WebApplicationContext: initialization completed in 2290 ms
2025-07-03T11:11:16.988-03:00 DEBUG 17140 --- [r2l-authentication-service] [main] o.s.w.f.ServerHttpObservationFilter      : Filter 'webMvcObservationFilter' configured for use
2025-07-03T11:11:17.146-03:00  INFO 17140 --- [r2l-authentication-service] [main] o.hibernate.jpa.internal.util.LogHelper  : HHH000204: Processing PersistenceUnitInfo [name: default]
2025-07-03T11:11:17.243-03:00  INFO 17140 --- [r2l-authentication-service] [main] org.hibernate.Version                    : HHH000412: Hibernate ORM core version 6.6.18.Final
2025-07-03T11:11:17.292-03:00  INFO 17140 --- [r2l-authentication-service] [main] o.h.c.internal.RegionFactoryInitiator    : HHH000026: Second-level cache disabled
2025-07-03T11:11:17.668-03:00  INFO 17140 --- [r2l-authentication-service] [main] o.s.o.j.p.SpringPersistenceUnitInfo      : No LoadTimeWeaver setup: ignoring JPA class transformer
2025-07-03T11:11:17.734-03:00  INFO 17140 --- [r2l-authentication-service] [main] com.zaxxer.hikari.HikariDataSource       : HikariPool-1 - Starting...
2025-07-03T11:11:17.953-03:00  INFO 17140 --- [r2l-authentication-service] [main] com.zaxxer.hikari.pool.HikariPool        : HikariPool-1 - Added connection org.postgresql.jdbc.PgConnection@7c840fe3
2025-07-03T11:11:17.955-03:00  INFO 17140 --- [r2l-authentication-service] [main] com.zaxxer.hikari.HikariDataSource       : HikariPool-1 - Start completed.
2025-07-03T11:11:18.003-03:00  WARN 17140 --- [r2l-authentication-service] [main] org.hibernate.orm.deprecation            : HHH90000025: PostgreSQLDialect does not need to be specified explicitly using 'hibernate.dialect' (remove the property setting and it will be selected by default)
2025-07-03T11:11:18.031-03:00  INFO 17140 --- [r2l-authentication-service] [main] org.hibernate.orm.connections.pooling    : HHH10001005: Database info:
	Database JDBC URL [Connecting through datasource 'HikariDataSource (HikariPool-1)']
	Database driver: undefined/unknown
	Database version: 17.5
	Autocommit mode: undefined/unknown
	Isolation level: undefined/unknown
	Minimum pool size: undefined/unknown
	Maximum pool size: undefined/unknown
2025-07-03T11:11:19.077-03:00  INFO 17140 --- [r2l-authentication-service] [main] o.h.e.t.j.p.i.JtaPlatformInitiator       : HHH000489: No JTA platform available (set 'hibernate.transaction.jta.platform' to enable JTA platform integration)
2025-07-03T11:11:19.148-03:00  INFO 17140 --- [r2l-authentication-service] [main] j.LocalContainerEntityManagerFactoryBean : Initialized JPA EntityManagerFactory for persistence unit 'default'
2025-07-03T11:11:19.729-03:00  WARN 17140 --- [r2l-authentication-service] [main] ConfigServletWebServerApplicationContext : Exception encountered during context initialization - cancelling refresh attempt: org.springframework.beans.factory.UnsatisfiedDependencyException: Error creating bean with name 'authenticationController' defined in file [D:\Road2Learn\r2l-backend\authService\build\classes\java\main\com\r2l\authService\controller\AuthenticationController.class]: Unsatisfied dependency expressed through constructor parameter 0: Error creating bean with name 'authenticationService' defined in file [D:\Road2Learn\r2l-backend\authService\build\classes\java\main\com\r2l\authService\service\AuthenticationService.class]: Unsatisfied dependency expressed through constructor parameter 4: Error creating bean with name 'jwtUtil' defined in file [D:\Road2Learn\r2l-backend\authService\build\classes\java\main\com\r2l\authService\util\JwtUtil.class]: Failed to instantiate [com.r2l.authService.util.JwtUtil]: Constructor threw exception
2025-07-03T11:11:19.733-03:00  INFO 17140 --- [r2l-authentication-service] [main] j.LocalContainerEntityManagerFactoryBean : Closing JPA EntityManagerFactory for persistence unit 'default'
2025-07-03T11:11:19.737-03:00  INFO 17140 --- [r2l-authentication-service] [main] com.zaxxer.hikari.HikariDataSource       : HikariPool-1 - Shutdown initiated...
2025-07-03T11:11:19.741-03:00  INFO 17140 --- [r2l-authentication-service] [main] com.zaxxer.hikari.HikariDataSource       : HikariPool-1 - Shutdown completed.
2025-07-03T11:13:57.142-03:00  INFO 32188 --- [r2l-authentication-service] [main] c.r.authService.AuthServiceApplication   : Starting AuthServiceApplication using Java 17.0.12 with PID 32188 (D:\Road2Learn\r2l-backend\authService\build\classes\java\main started by leona in D:\Road2Learn\r2l-backend)
2025-07-03T11:13:57.145-03:00 DEBUG 32188 --- [r2l-authentication-service] [main] c.r.authService.AuthServiceApplication   : Running with Spring Boot v3.5.1, Spring v6.2.8
2025-07-03T11:13:57.146-03:00  INFO 32188 --- [r2l-authentication-service] [main] c.r.authService.AuthServiceApplication   : The following 1 profile is active: "local"
2025-07-03T11:13:58.724-03:00  INFO 32188 --- [r2l-authentication-service] [main] .s.d.r.c.RepositoryConfigurationDelegate : Bootstrapping Spring Data JPA repositories in DEFAULT mode.
2025-07-03T11:13:58.805-03:00  INFO 32188 --- [r2l-authentication-service] [main] .s.d.r.c.RepositoryConfigurationDelegate : Finished Spring Data repository scanning in 69 ms. Found 1 JPA repository interface.
2025-07-03T11:13:59.472-03:00  INFO 32188 --- [r2l-authentication-service] [main] o.s.b.w.embedded.tomcat.TomcatWebServer  : Tomcat initialized with port 8001 (http)
2025-07-03T11:13:59.491-03:00  INFO 32188 --- [r2l-authentication-service] [main] o.apache.catalina.core.StandardService   : Starting service [Tomcat]
2025-07-03T11:13:59.493-03:00  INFO 32188 --- [r2l-authentication-service] [main] o.apache.catalina.core.StandardEngine    : Starting Servlet engine: [Apache Tomcat/10.1.42]
2025-07-03T11:13:59.567-03:00  INFO 32188 --- [r2l-authentication-service] [main] o.a.c.c.C.[Tomcat].[localhost].[/]       : Initializing Spring embedded WebApplicationContext
2025-07-03T11:13:59.567-03:00  INFO 32188 --- [r2l-authentication-service] [main] w.s.c.ServletWebServerApplicationContext : Root WebApplicationContext: initialization completed in 2364 ms
2025-07-03T11:13:59.749-03:00 DEBUG 32188 --- [r2l-authentication-service] [main] o.s.w.f.ServerHttpObservationFilter      : Filter 'webMvcObservationFilter' configured for use
2025-07-03T11:13:59.938-03:00  INFO 32188 --- [r2l-authentication-service] [main] o.hibernate.jpa.internal.util.LogHelper  : HHH000204: Processing PersistenceUnitInfo [name: default]
2025-07-03T11:14:00.000-03:00  INFO 32188 --- [r2l-authentication-service] [main] org.hibernate.Version                    : HHH000412: Hibernate ORM core version 6.6.18.Final
2025-07-03T11:14:00.048-03:00  INFO 32188 --- [r2l-authentication-service] [main] o.h.c.internal.RegionFactoryInitiator    : HHH000026: Second-level cache disabled
2025-07-03T11:14:00.446-03:00  INFO 32188 --- [r2l-authentication-service] [main] o.s.o.j.p.SpringPersistenceUnitInfo      : No LoadTimeWeaver setup: ignoring JPA class transformer
2025-07-03T11:14:00.512-03:00  INFO 32188 --- [r2l-authentication-service] [main] com.zaxxer.hikari.HikariDataSource       : HikariPool-1 - Starting...
2025-07-03T11:14:00.727-03:00  INFO 32188 --- [r2l-authentication-service] [main] com.zaxxer.hikari.pool.HikariPool        : HikariPool-1 - Added connection org.postgresql.jdbc.PgConnection@3412a3fd
2025-07-03T11:14:00.729-03:00  INFO 32188 --- [r2l-authentication-service] [main] com.zaxxer.hikari.HikariDataSource       : HikariPool-1 - Start completed.
2025-07-03T11:14:00.760-03:00  WARN 32188 --- [r2l-authentication-service] [main] org.hibernate.orm.deprecation            : HHH90000025: PostgreSQLDialect does not need to be specified explicitly using 'hibernate.dialect' (remove the property setting and it will be selected by default)
2025-07-03T11:14:00.788-03:00  INFO 32188 --- [r2l-authentication-service] [main] org.hibernate.orm.connections.pooling    : HHH10001005: Database info:
	Database JDBC URL [Connecting through datasource 'HikariDataSource (HikariPool-1)']
	Database driver: undefined/unknown
	Database version: 17.5
	Autocommit mode: undefined/unknown
	Isolation level: undefined/unknown
	Minimum pool size: undefined/unknown
	Maximum pool size: undefined/unknown
2025-07-03T11:14:01.762-03:00  INFO 32188 --- [r2l-authentication-service] [main] o.h.e.t.j.p.i.JtaPlatformInitiator       : HHH000489: No JTA platform available (set 'hibernate.transaction.jta.platform' to enable JTA platform integration)
2025-07-03T11:14:01.842-03:00  INFO 32188 --- [r2l-authentication-service] [main] j.LocalContainerEntityManagerFactoryBean : Initialized JPA EntityManagerFactory for persistence unit 'default'
2025-07-03T11:14:02.530-03:00  WARN 32188 --- [r2l-authentication-service] [main] ConfigServletWebServerApplicationContext : Exception encountered during context initialization - cancelling refresh attempt: org.springframework.beans.factory.UnsatisfiedDependencyException: Error creating bean with name 'authenticationController' defined in file [D:\Road2Learn\r2l-backend\authService\build\classes\java\main\com\r2l\authService\controller\AuthenticationController.class]: Unsatisfied dependency expressed through constructor parameter 0: Error creating bean with name 'authenticationService' defined in file [D:\Road2Learn\r2l-backend\authService\build\classes\java\main\com\r2l\authService\service\AuthenticationService.class]: Unsatisfied dependency expressed through constructor parameter 4: Error creating bean with name 'jwtUtil' defined in file [D:\Road2Learn\r2l-backend\authService\build\classes\java\main\com\r2l\authService\util\JwtUtil.class]: Failed to instantiate [com.r2l.authService.util.JwtUtil]: Constructor threw exception
2025-07-03T11:14:02.540-03:00  INFO 32188 --- [r2l-authentication-service] [main] j.LocalContainerEntityManagerFactoryBean : Closing JPA EntityManagerFactory for persistence unit 'default'
2025-07-03T11:14:02.546-03:00  INFO 32188 --- [r2l-authentication-service] [main] com.zaxxer.hikari.HikariDataSource       : HikariPool-1 - Shutdown initiated...
2025-07-03T11:14:02.551-03:00  INFO 32188 --- [r2l-authentication-service] [main] com.zaxxer.hikari.HikariDataSource       : HikariPool-1 - Shutdown completed.
2025-07-03T11:14:02.560-03:00  INFO 32188 --- [r2l-authentication-service] [main] o.apache.catalina.core.StandardService   : Stopping service [Tomcat]
2025-07-03T11:14:02.586-03:00  INFO 32188 --- [r2l-authentication-service] [main] .s.b.a.l.ConditionEvaluationReportLogger : 

Error starting ApplicationContext. To display the condition evaluation report re-run your application with 'debug' enabled.
2025-07-03T11:14:02.637-03:00 ERROR 32188 --- [r2l-authentication-service] [main] o.s.boot.SpringApplication               : Application run failed

org.springframework.beans.factory.UnsatisfiedDependencyException: Error creating bean with name 'authenticationController' defined in file [D:\Road2Learn\r2l-backend\authService\build\classes\java\main\com\r2l\authService\controller\AuthenticationController.class]: Unsatisfied dependency expressed through constructor parameter 0: Error creating bean with name 'authenticationService' defined in file [D:\Road2Learn\r2l-backend\authService\build\classes\java\main\com\r2l\authService\service\AuthenticationService.class]: Unsatisfied dependency expressed through constructor parameter 4: Error creating bean with name 'jwtUtil' defined in file [D:\Road2Learn\r2l-backend\authService\build\classes\java\main\com\r2l\authService\util\JwtUtil.class]: Failed to instantiate [com.r2l.authService.util.JwtUtil]: Constructor threw exception
	at org.springframework.beans.factory.support.ConstructorResolver.createArgumentArray(ConstructorResolver.java:804) ~[spring-beans-6.2.8.jar:6.2.8]
	at org.springframework.beans.factory.support.ConstructorResolver.autowireConstructor(ConstructorResolver.java:240) ~[spring-beans-6.2.8.jar:6.2.8]
	at org.springframework.beans.factory.support.AbstractAutowireCapableBeanFactory.autowireConstructor(AbstractAutowireCapableBeanFactory.java:1395) ~[spring-beans-6.2.8.jar:6.2.8]
	at org.springframework.beans.factory.support.AbstractAutowireCapableBeanFactory.createBeanInstance(AbstractAutowireCapableBeanFactory.java:1232) ~[spring-beans-6.2.8.jar:6.2.8]
	at org.springframework.beans.factory.support.AbstractAutowireCapableBeanFactory.doCreateBean(AbstractAutowireCapableBeanFactory.java:569) ~[spring-beans-6.2.8.jar:6.2.8]
	at org.springframework.beans.factory.support.AbstractAutowireCapableBeanFactory.createBean(AbstractAutowireCapableBeanFactory.java:529) ~[spring-beans-6.2.8.jar:6.2.8]
	at org.springframework.beans.factory.support.AbstractBeanFactory.lambda$doGetBean$0(AbstractBeanFactory.java:339) ~[spring-beans-6.2.8.jar:6.2.8]
	at org.springframework.beans.factory.support.DefaultSingletonBeanRegistry.getSingleton(DefaultSingletonBeanRegistry.java:373) ~[spring-beans-6.2.8.jar:6.2.8]
	at org.springframework.beans.factory.support.AbstractBeanFactory.doGetBean(AbstractBeanFactory.java:337) ~[spring-beans-6.2.8.jar:6.2.8]
	at org.springframework.beans.factory.support.AbstractBeanFactory.getBean(AbstractBeanFactory.java:202) ~[spring-beans-6.2.8.jar:6.2.8]
	at org.springframework.beans.factory.support.DefaultListableBeanFactory.instantiateSingleton(DefaultListableBeanFactory.java:1222) ~[spring-beans-6.2.8.jar:6.2.8]
	at org.springframework.beans.factory.support.DefaultListableBeanFactory.preInstantiateSingleton(DefaultListableBeanFactory.java:1188) ~[spring-beans-6.2.8.jar:6.2.8]
	at org.springframework.beans.factory.support.DefaultListableBeanFactory.preInstantiateSingletons(DefaultListableBeanFactory.java:1123) ~[spring-beans-6.2.8.jar:6.2.8]
	at org.springframework.context.support.AbstractApplicationContext.finishBeanFactoryInitialization(AbstractApplicationContext.java:987) ~[spring-context-6.2.8.jar:6.2.8]
	at org.springframework.context.support.AbstractApplicationContext.refresh(AbstractApplicationContext.java:627) ~[spring-context-6.2.8.jar:6.2.8]
	at org.springframework.boot.web.servlet.context.ServletWebServerApplicationContext.refresh(ServletWebServerApplicationContext.java:146) ~[spring-boot-3.5.1.jar:3.5.1]
	at org.springframework.boot.SpringApplication.refresh(SpringApplication.java:752) ~[spring-boot-3.5.1.jar:3.5.1]
	at org.springframework.boot.SpringApplication.refreshContext(SpringApplication.java:439) ~[spring-boot-3.5.1.jar:3.5.1]
	at org.springframework.boot.SpringApplication.run(SpringApplication.java:318) ~[spring-boot-3.5.1.jar:3.5.1]
	at org.springframework.boot.SpringApplication.run(SpringApplication.java:1361) ~[spring-boot-3.5.1.jar:3.5.1]
	at org.springframework.boot.SpringApplication.run(SpringApplication.java:1350) ~[spring-boot-3.5.1.jar:3.5.1]
	at com.r2l.authService.AuthServiceApplication.main(AuthServiceApplication.java:10) ~[main/:na]
Caused by: org.springframework.beans.factory.UnsatisfiedDependencyException: Error creating bean with name 'authenticationService' defined in file [D:\Road2Learn\r2l-backend\authService\build\classes\java\main\com\r2l\authService\service\AuthenticationService.class]: Unsatisfied dependency expressed through constructor parameter 4: Error creating bean with name 'jwtUtil' defined in file [D:\Road2Learn\r2l-backend\authService\build\classes\java\main\com\r2l\authService\util\JwtUtil.class]: Failed to instantiate [com.r2l.authService.util.JwtUtil]: Constructor threw exception
	at org.springframework.beans.factory.support.ConstructorResolver.createArgumentArray(ConstructorResolver.java:804) ~[spring-beans-6.2.8.jar:6.2.8]
	at org.springframework.beans.factory.support.ConstructorResolver.autowireConstructor(ConstructorResolver.java:240) ~[spring-beans-6.2.8.jar:6.2.8]
	at org.springframework.beans.factory.support.AbstractAutowireCapableBeanFactory.autowireConstructor(AbstractAutowireCapableBeanFactory.java:1395) ~[spring-beans-6.2.8.jar:6.2.8]
	at org.springframework.beans.factory.support.AbstractAutowireCapableBeanFactory.createBeanInstance(AbstractAutowireCapableBeanFactory.java:1232) ~[spring-beans-6.2.8.jar:6.2.8]
	at org.springframework.beans.factory.support.AbstractAutowireCapableBeanFactory.doCreateBean(AbstractAutowireCapableBeanFactory.java:569) ~[spring-beans-6.2.8.jar:6.2.8]
	at org.springframework.beans.factory.support.AbstractAutowireCapableBeanFactory.createBean(AbstractAutowireCapableBeanFactory.java:529) ~[spring-beans-6.2.8.jar:6.2.8]
	at org.springframework.beans.factory.support.AbstractBeanFactory.lambda$doGetBean$0(AbstractBeanFactory.java:339) ~[spring-beans-6.2.8.jar:6.2.8]
	at org.springframework.beans.factory.support.DefaultSingletonBeanRegistry.getSingleton(DefaultSingletonBeanRegistry.java:373) ~[spring-beans-6.2.8.jar:6.2.8]
	at org.springframework.beans.factory.support.AbstractBeanFactory.doGetBean(AbstractBeanFactory.java:337) ~[spring-beans-6.2.8.jar:6.2.8]
	at org.springframework.beans.factory.support.AbstractBeanFactory.getBean(AbstractBeanFactory.java:202) ~[spring-beans-6.2.8.jar:6.2.8]
	at org.springframework.beans.factory.support.DefaultListableBeanFactory.doResolveDependency(DefaultListableBeanFactory.java:1683) ~[spring-beans-6.2.8.jar:6.2.8]
	at org.springframework.beans.factory.support.DefaultListableBeanFactory.resolveDependency(DefaultListableBeanFactory.java:1628) ~[spring-beans-6.2.8.jar:6.2.8]
	at org.springframework.beans.factory.support.ConstructorResolver.resolveAutowiredArgument(ConstructorResolver.java:913) ~[spring-beans-6.2.8.jar:6.2.8]
	at org.springframework.beans.factory.support.ConstructorResolver.createArgumentArray(ConstructorResolver.java:791) ~[spring-beans-6.2.8.jar:6.2.8]
	... 21 common frames omitted
Caused by: org.springframework.beans.factory.BeanCreationException: Error creating bean with name 'jwtUtil' defined in file [D:\Road2Learn\r2l-backend\authService\build\classes\java\main\com\r2l\authService\util\JwtUtil.class]: Failed to instantiate [com.r2l.authService.util.JwtUtil]: Constructor threw exception
	at org.springframework.beans.factory.support.AbstractAutowireCapableBeanFactory.instantiateBean(AbstractAutowireCapableBeanFactory.java:1357) ~[spring-beans-6.2.8.jar:6.2.8]
	at org.springframework.beans.factory.support.AbstractAutowireCapableBeanFactory.createBeanInstance(AbstractAutowireCapableBeanFactory.java:1242) ~[spring-beans-6.2.8.jar:6.2.8]
	at org.springframework.beans.factory.support.AbstractAutowireCapableBeanFactory.doCreateBean(AbstractAutowireCapableBeanFactory.java:569) ~[spring-beans-6.2.8.jar:6.2.8]
	at org.springframework.beans.factory.support.AbstractAutowireCapableBeanFactory.createBean(AbstractAutowireCapableBeanFactory.java:529) ~[spring-beans-6.2.8.jar:6.2.8]
	at org.springframework.beans.factory.support.AbstractBeanFactory.lambda$doGetBean$0(AbstractBeanFactory.java:339) ~[spring-beans-6.2.8.jar:6.2.8]
	at org.springframework.beans.factory.support.DefaultSingletonBeanRegistry.getSingleton(DefaultSingletonBeanRegistry.java:373) ~[spring-beans-6.2.8.jar:6.2.8]
	at org.springframework.beans.factory.support.AbstractBeanFactory.doGetBean(AbstractBeanFactory.java:337) ~[spring-beans-6.2.8.jar:6.2.8]
	at org.springframework.beans.factory.support.AbstractBeanFactory.getBean(AbstractBeanFactory.java:202) ~[spring-beans-6.2.8.jar:6.2.8]
	at org.springframework.beans.factory.support.DefaultListableBeanFactory.doResolveDependency(DefaultListableBeanFactory.java:1683) ~[spring-beans-6.2.8.jar:6.2.8]
	at org.springframework.beans.factory.support.DefaultListableBeanFactory.resolveDependency(DefaultListableBeanFactory.java:1628) ~[spring-beans-6.2.8.jar:6.2.8]
	at org.springframework.beans.factory.support.ConstructorResolver.resolveAutowiredArgument(ConstructorResolver.java:913) ~[spring-beans-6.2.8.jar:6.2.8]
	at org.springframework.beans.factory.support.ConstructorResolver.createArgumentArray(ConstructorResolver.java:791) ~[spring-beans-6.2.8.jar:6.2.8]
	... 34 common frames omitted
Caused by: org.springframework.beans.BeanInstantiationException: Failed to instantiate [com.r2l.authService.util.JwtUtil]: Constructor threw exception
	at org.springframework.beans.BeanUtils.instantiateClass(BeanUtils.java:223) ~[spring-beans-6.2.8.jar:6.2.8]
	at org.springframework.beans.factory.support.SimpleInstantiationStrategy.instantiate(SimpleInstantiationStrategy.java:122) ~[spring-beans-6.2.8.jar:6.2.8]
	at org.springframework.beans.factory.support.AbstractAutowireCapableBeanFactory.instantiateBean(AbstractAutowireCapableBeanFactory.java:1351) ~[spring-beans-6.2.8.jar:6.2.8]
	... 45 common frames omitted
Caused by: java.nio.file.NoSuchFileException: src\main\resources\private.key
	at java.base/sun.nio.fs.WindowsException.translateToIOException(WindowsException.java:85) ~[na:na]
	at java.base/sun.nio.fs.WindowsException.rethrowAsIOException(WindowsException.java:103) ~[na:na]
	at java.base/sun.nio.fs.WindowsException.rethrowAsIOException(WindowsException.java:108) ~[na:na]
	at java.base/sun.nio.fs.WindowsFileSystemProvider.newByteChannel(WindowsFileSystemProvider.java:236) ~[na:na]
	at java.base/java.nio.file.Files.newByteChannel(Files.java:380) ~[na:na]
	at java.base/java.nio.file.Files.newByteChannel(Files.java:432) ~[na:na]
	at java.base/java.nio.file.Files.readAllBytes(Files.java:3288) ~[na:na]
	at java.base/java.nio.file.Files.readString(Files.java:3366) ~[na:na]
	at java.base/java.nio.file.Files.readString(Files.java:3325) ~[na:na]
	at com.r2l.authService.util.JwtUtil.<init>(JwtUtil.java:19) ~[main/:na]
	at java.base/jdk.internal.reflect.NativeConstructorAccessorImpl.newInstance0(Native Method) ~[na:na]
	at java.base/jdk.internal.reflect.NativeConstructorAccessorImpl.newInstance(NativeConstructorAccessorImpl.java:77) ~[na:na]
	at java.base/jdk.internal.reflect.DelegatingConstructorAccessorImpl.newInstance(DelegatingConstructorAccessorImpl.java:45) ~[na:na]
	at java.base/java.lang.reflect.Constructor.newInstanceWithCaller(Constructor.java:500) ~[na:na]
	at java.base/java.lang.reflect.Constructor.newInstance(Constructor.java:481) ~[na:na]
	at org.springframework.beans.BeanUtils.instantiateClass(BeanUtils.java:197) ~[spring-beans-6.2.8.jar:6.2.8]
	... 47 common frames omitted

2025-07-03T11:15:58.757-03:00  INFO 11276 --- [r2l-authentication-service] [main] c.r.authService.AuthServiceApplication   : Starting AuthServiceApplication using Java 17.0.12 with PID 11276 (D:\Road2Learn\r2l-backend\authService\build\classes\java\main started by leona in D:\Road2Learn\r2l-backend)
2025-07-03T11:15:58.760-03:00 DEBUG 11276 --- [r2l-authentication-service] [main] c.r.authService.AuthServiceApplication   : Running with Spring Boot v3.5.1, Spring v6.2.8
2025-07-03T11:15:58.761-03:00  INFO 11276 --- [r2l-authentication-service] [main] c.r.authService.AuthServiceApplication   : The following 1 profile is active: "local"
2025-07-03T11:15:59.977-03:00  INFO 11276 --- [r2l-authentication-service] [main] .s.d.r.c.RepositoryConfigurationDelegate : Bootstrapping Spring Data JPA repositories in DEFAULT mode.
2025-07-03T11:16:00.042-03:00  INFO 11276 --- [r2l-authentication-service] [main] .s.d.r.c.RepositoryConfigurationDelegate : Finished Spring Data repository scanning in 55 ms. Found 1 JPA repository interface.
2025-07-03T11:16:00.662-03:00  INFO 11276 --- [r2l-authentication-service] [main] o.s.b.w.embedded.tomcat.TomcatWebServer  : Tomcat initialized with port 8001 (http)
2025-07-03T11:16:00.678-03:00  INFO 11276 --- [r2l-authentication-service] [main] o.apache.catalina.core.StandardService   : Starting service [Tomcat]
2025-07-03T11:16:00.679-03:00  INFO 11276 --- [r2l-authentication-service] [main] o.apache.catalina.core.StandardEngine    : Starting Servlet engine: [Apache Tomcat/10.1.42]
2025-07-03T11:16:00.741-03:00  INFO 11276 --- [r2l-authentication-service] [main] o.a.c.c.C.[Tomcat].[localhost].[/]       : Initializing Spring embedded WebApplicationContext
2025-07-03T11:16:00.742-03:00  INFO 11276 --- [r2l-authentication-service] [main] w.s.c.ServletWebServerApplicationContext : Root WebApplicationContext: initialization completed in 1931 ms
2025-07-03T11:16:00.916-03:00 DEBUG 11276 --- [r2l-authentication-service] [main] o.s.w.f.ServerHttpObservationFilter      : Filter 'webMvcObservationFilter' configured for use
2025-07-03T11:16:01.071-03:00  INFO 11276 --- [r2l-authentication-service] [main] o.hibernate.jpa.internal.util.LogHelper  : HHH000204: Processing PersistenceUnitInfo [name: default]
2025-07-03T11:16:01.120-03:00  INFO 11276 --- [r2l-authentication-service] [main] org.hibernate.Version                    : HHH000412: Hibernate ORM core version 6.6.18.Final
2025-07-03T11:16:01.163-03:00  INFO 11276 --- [r2l-authentication-service] [main] o.h.c.internal.RegionFactoryInitiator    : HHH000026: Second-level cache disabled
2025-07-03T11:16:01.476-03:00  INFO 11276 --- [r2l-authentication-service] [main] o.s.o.j.p.SpringPersistenceUnitInfo      : No LoadTimeWeaver setup: ignoring JPA class transformer
2025-07-03T11:16:01.508-03:00  INFO 11276 --- [r2l-authentication-service] [main] com.zaxxer.hikari.HikariDataSource       : HikariPool-1 - Starting...
2025-07-03T11:16:01.661-03:00  INFO 11276 --- [r2l-authentication-service] [main] com.zaxxer.hikari.pool.HikariPool        : HikariPool-1 - Added connection org.postgresql.jdbc.PgConnection@2f3cd727
2025-07-03T11:16:01.664-03:00  INFO 11276 --- [r2l-authentication-service] [main] com.zaxxer.hikari.HikariDataSource       : HikariPool-1 - Start completed.
2025-07-03T11:16:01.706-03:00  WARN 11276 --- [r2l-authentication-service] [main] org.hibernate.orm.deprecation            : HHH90000025: PostgreSQLDialect does not need to be specified explicitly using 'hibernate.dialect' (remove the property setting and it will be selected by default)
2025-07-03T11:16:01.734-03:00  INFO 11276 --- [r2l-authentication-service] [main] org.hibernate.orm.connections.pooling    : HHH10001005: Database info:
	Database JDBC URL [Connecting through datasource 'HikariDataSource (HikariPool-1)']
	Database driver: undefined/unknown
	Database version: 17.5
	Autocommit mode: undefined/unknown
	Isolation level: undefined/unknown
	Minimum pool size: undefined/unknown
	Maximum pool size: undefined/unknown
2025-07-03T11:16:02.600-03:00  INFO 11276 --- [r2l-authentication-service] [main] o.h.e.t.j.p.i.JtaPlatformInitiator       : HHH000489: No JTA platform available (set 'hibernate.transaction.jta.platform' to enable JTA platform integration)
2025-07-03T11:16:02.658-03:00  INFO 11276 --- [r2l-authentication-service] [main] j.LocalContainerEntityManagerFactoryBean : Initialized JPA EntityManagerFactory for persistence unit 'default'
2025-07-03T11:16:03.133-03:00  WARN 11276 --- [r2l-authentication-service] [main] ConfigServletWebServerApplicationContext : Exception encountered during context initialization - cancelling refresh attempt: org.springframework.beans.factory.UnsatisfiedDependencyException: Error creating bean with name 'authenticationController' defined in file [D:\Road2Learn\r2l-backend\authService\build\classes\java\main\com\r2l\authService\controller\AuthenticationController.class]: Unsatisfied dependency expressed through constructor parameter 0: Error creating bean with name 'authenticationService' defined in file [D:\Road2Learn\r2l-backend\authService\build\classes\java\main\com\r2l\authService\service\AuthenticationService.class]: Unsatisfied dependency expressed through constructor parameter 4: Error creating bean with name 'jwtUtil' defined in file [D:\Road2Learn\r2l-backend\authService\build\classes\java\main\com\r2l\authService\util\JwtUtil.class]: Failed to instantiate [com.r2l.authService.util.JwtUtil]: Constructor threw exception
2025-07-03T11:16:03.136-03:00  INFO 11276 --- [r2l-authentication-service] [main] j.LocalContainerEntityManagerFactoryBean : Closing JPA EntityManagerFactory for persistence unit 'default'
2025-07-03T11:16:03.140-03:00  INFO 11276 --- [r2l-authentication-service] [main] com.zaxxer.hikari.HikariDataSource       : HikariPool-1 - Shutdown initiated...
2025-07-03T11:16:03.143-03:00  INFO 11276 --- [r2l-authentication-service] [main] com.zaxxer.hikari.HikariDataSource       : HikariPool-1 - Shutdown completed.
2025-07-03T11:16:03.147-03:00  INFO 11276 --- [r2l-authentication-service] [main] o.apache.catalina.core.StandardService   : Stopping service [Tomcat]
2025-07-03T11:16:03.166-03:00  INFO 11276 --- [r2l-authentication-service] [main] .s.b.a.l.ConditionEvaluationReportLogger : 

Error starting ApplicationContext. To display the condition evaluation report re-run your application with 'debug' enabled.
2025-07-03T11:16:03.188-03:00 ERROR 11276 --- [r2l-authentication-service] [main] o.s.boot.SpringApplication               : Application run failed

org.springframework.beans.factory.UnsatisfiedDependencyException: Error creating bean with name 'authenticationController' defined in file [D:\Road2Learn\r2l-backend\authService\build\classes\java\main\com\r2l\authService\controller\AuthenticationController.class]: Unsatisfied dependency expressed through constructor parameter 0: Error creating bean with name 'authenticationService' defined in file [D:\Road2Learn\r2l-backend\authService\build\classes\java\main\com\r2l\authService\service\AuthenticationService.class]: Unsatisfied dependency expressed through constructor parameter 4: Error creating bean with name 'jwtUtil' defined in file [D:\Road2Learn\r2l-backend\authService\build\classes\java\main\com\r2l\authService\util\JwtUtil.class]: Failed to instantiate [com.r2l.authService.util.JwtUtil]: Constructor threw exception
	at org.springframework.beans.factory.support.ConstructorResolver.createArgumentArray(ConstructorResolver.java:804) ~[spring-beans-6.2.8.jar:6.2.8]
	at org.springframework.beans.factory.support.ConstructorResolver.autowireConstructor(ConstructorResolver.java:240) ~[spring-beans-6.2.8.jar:6.2.8]
	at org.springframework.beans.factory.support.AbstractAutowireCapableBeanFactory.autowireConstructor(AbstractAutowireCapableBeanFactory.java:1395) ~[spring-beans-6.2.8.jar:6.2.8]
	at org.springframework.beans.factory.support.AbstractAutowireCapableBeanFactory.createBeanInstance(AbstractAutowireCapableBeanFactory.java:1232) ~[spring-beans-6.2.8.jar:6.2.8]
	at org.springframework.beans.factory.support.AbstractAutowireCapableBeanFactory.doCreateBean(AbstractAutowireCapableBeanFactory.java:569) ~[spring-beans-6.2.8.jar:6.2.8]
	at org.springframework.beans.factory.support.AbstractAutowireCapableBeanFactory.createBean(AbstractAutowireCapableBeanFactory.java:529) ~[spring-beans-6.2.8.jar:6.2.8]
	at org.springframework.beans.factory.support.AbstractBeanFactory.lambda$doGetBean$0(AbstractBeanFactory.java:339) ~[spring-beans-6.2.8.jar:6.2.8]
	at org.springframework.beans.factory.support.DefaultSingletonBeanRegistry.getSingleton(DefaultSingletonBeanRegistry.java:373) ~[spring-beans-6.2.8.jar:6.2.8]
	at org.springframework.beans.factory.support.AbstractBeanFactory.doGetBean(AbstractBeanFactory.java:337) ~[spring-beans-6.2.8.jar:6.2.8]
	at org.springframework.beans.factory.support.AbstractBeanFactory.getBean(AbstractBeanFactory.java:202) ~[spring-beans-6.2.8.jar:6.2.8]
	at org.springframework.beans.factory.support.DefaultListableBeanFactory.instantiateSingleton(DefaultListableBeanFactory.java:1222) ~[spring-beans-6.2.8.jar:6.2.8]
	at org.springframework.beans.factory.support.DefaultListableBeanFactory.preInstantiateSingleton(DefaultListableBeanFactory.java:1188) ~[spring-beans-6.2.8.jar:6.2.8]
	at org.springframework.beans.factory.support.DefaultListableBeanFactory.preInstantiateSingletons(DefaultListableBeanFactory.java:1123) ~[spring-beans-6.2.8.jar:6.2.8]
	at org.springframework.context.support.AbstractApplicationContext.finishBeanFactoryInitialization(AbstractApplicationContext.java:987) ~[spring-context-6.2.8.jar:6.2.8]
	at org.springframework.context.support.AbstractApplicationContext.refresh(AbstractApplicationContext.java:627) ~[spring-context-6.2.8.jar:6.2.8]
	at org.springframework.boot.web.servlet.context.ServletWebServerApplicationContext.refresh(ServletWebServerApplicationContext.java:146) ~[spring-boot-3.5.1.jar:3.5.1]
	at org.springframework.boot.SpringApplication.refresh(SpringApplication.java:752) ~[spring-boot-3.5.1.jar:3.5.1]
	at org.springframework.boot.SpringApplication.refreshContext(SpringApplication.java:439) ~[spring-boot-3.5.1.jar:3.5.1]
	at org.springframework.boot.SpringApplication.run(SpringApplication.java:318) ~[spring-boot-3.5.1.jar:3.5.1]
	at org.springframework.boot.SpringApplication.run(SpringApplication.java:1361) ~[spring-boot-3.5.1.jar:3.5.1]
	at org.springframework.boot.SpringApplication.run(SpringApplication.java:1350) ~[spring-boot-3.5.1.jar:3.5.1]
	at com.r2l.authService.AuthServiceApplication.main(AuthServiceApplication.java:10) ~[main/:na]
Caused by: org.springframework.beans.factory.UnsatisfiedDependencyException: Error creating bean with name 'authenticationService' defined in file [D:\Road2Learn\r2l-backend\authService\build\classes\java\main\com\r2l\authService\service\AuthenticationService.class]: Unsatisfied dependency expressed through constructor parameter 4: Error creating bean with name 'jwtUtil' defined in file [D:\Road2Learn\r2l-backend\authService\build\classes\java\main\com\r2l\authService\util\JwtUtil.class]: Failed to instantiate [com.r2l.authService.util.JwtUtil]: Constructor threw exception
	at org.springframework.beans.factory.support.ConstructorResolver.createArgumentArray(ConstructorResolver.java:804) ~[spring-beans-6.2.8.jar:6.2.8]
	at org.springframework.beans.factory.support.ConstructorResolver.autowireConstructor(ConstructorResolver.java:240) ~[spring-beans-6.2.8.jar:6.2.8]
	at org.springframework.beans.factory.support.AbstractAutowireCapableBeanFactory.autowireConstructor(AbstractAutowireCapableBeanFactory.java:1395) ~[spring-beans-6.2.8.jar:6.2.8]
	at org.springframework.beans.factory.support.AbstractAutowireCapableBeanFactory.createBeanInstance(AbstractAutowireCapableBeanFactory.java:1232) ~[spring-beans-6.2.8.jar:6.2.8]
	at org.springframework.beans.factory.support.AbstractAutowireCapableBeanFactory.doCreateBean(AbstractAutowireCapableBeanFactory.java:569) ~[spring-beans-6.2.8.jar:6.2.8]
	at org.springframework.beans.factory.support.AbstractAutowireCapableBeanFactory.createBean(AbstractAutowireCapableBeanFactory.java:529) ~[spring-beans-6.2.8.jar:6.2.8]
	at org.springframework.beans.factory.support.AbstractBeanFactory.lambda$doGetBean$0(AbstractBeanFactory.java:339) ~[spring-beans-6.2.8.jar:6.2.8]
	at org.springframework.beans.factory.support.DefaultSingletonBeanRegistry.getSingleton(DefaultSingletonBeanRegistry.java:373) ~[spring-beans-6.2.8.jar:6.2.8]
	at org.springframework.beans.factory.support.AbstractBeanFactory.doGetBean(AbstractBeanFactory.java:337) ~[spring-beans-6.2.8.jar:6.2.8]
	at org.springframework.beans.factory.support.AbstractBeanFactory.getBean(AbstractBeanFactory.java:202) ~[spring-beans-6.2.8.jar:6.2.8]
	at org.springframework.beans.factory.support.DefaultListableBeanFactory.doResolveDependency(DefaultListableBeanFactory.java:1683) ~[spring-beans-6.2.8.jar:6.2.8]
	at org.springframework.beans.factory.support.DefaultListableBeanFactory.resolveDependency(DefaultListableBeanFactory.java:1628) ~[spring-beans-6.2.8.jar:6.2.8]
	at org.springframework.beans.factory.support.ConstructorResolver.resolveAutowiredArgument(ConstructorResolver.java:913) ~[spring-beans-6.2.8.jar:6.2.8]
	at org.springframework.beans.factory.support.ConstructorResolver.createArgumentArray(ConstructorResolver.java:791) ~[spring-beans-6.2.8.jar:6.2.8]
	... 21 common frames omitted
Caused by: org.springframework.beans.factory.BeanCreationException: Error creating bean with name 'jwtUtil' defined in file [D:\Road2Learn\r2l-backend\authService\build\classes\java\main\com\r2l\authService\util\JwtUtil.class]: Failed to instantiate [com.r2l.authService.util.JwtUtil]: Constructor threw exception
	at org.springframework.beans.factory.support.AbstractAutowireCapableBeanFactory.instantiateBean(AbstractAutowireCapableBeanFactory.java:1357) ~[spring-beans-6.2.8.jar:6.2.8]
	at org.springframework.beans.factory.support.AbstractAutowireCapableBeanFactory.createBeanInstance(AbstractAutowireCapableBeanFactory.java:1242) ~[spring-beans-6.2.8.jar:6.2.8]
	at org.springframework.beans.factory.support.AbstractAutowireCapableBeanFactory.doCreateBean(AbstractAutowireCapableBeanFactory.java:569) ~[spring-beans-6.2.8.jar:6.2.8]
	at org.springframework.beans.factory.support.AbstractAutowireCapableBeanFactory.createBean(AbstractAutowireCapableBeanFactory.java:529) ~[spring-beans-6.2.8.jar:6.2.8]
	at org.springframework.beans.factory.support.AbstractBeanFactory.lambda$doGetBean$0(AbstractBeanFactory.java:339) ~[spring-beans-6.2.8.jar:6.2.8]
	at org.springframework.beans.factory.support.DefaultSingletonBeanRegistry.getSingleton(DefaultSingletonBeanRegistry.java:373) ~[spring-beans-6.2.8.jar:6.2.8]
	at org.springframework.beans.factory.support.AbstractBeanFactory.doGetBean(AbstractBeanFactory.java:337) ~[spring-beans-6.2.8.jar:6.2.8]
	at org.springframework.beans.factory.support.AbstractBeanFactory.getBean(AbstractBeanFactory.java:202) ~[spring-beans-6.2.8.jar:6.2.8]
	at org.springframework.beans.factory.support.DefaultListableBeanFactory.doResolveDependency(DefaultListableBeanFactory.java:1683) ~[spring-beans-6.2.8.jar:6.2.8]
	at org.springframework.beans.factory.support.DefaultListableBeanFactory.resolveDependency(DefaultListableBeanFactory.java:1628) ~[spring-beans-6.2.8.jar:6.2.8]
	at org.springframework.beans.factory.support.ConstructorResolver.resolveAutowiredArgument(ConstructorResolver.java:913) ~[spring-beans-6.2.8.jar:6.2.8]
	at org.springframework.beans.factory.support.ConstructorResolver.createArgumentArray(ConstructorResolver.java:791) ~[spring-beans-6.2.8.jar:6.2.8]
	... 34 common frames omitted
Caused by: org.springframework.beans.BeanInstantiationException: Failed to instantiate [com.r2l.authService.util.JwtUtil]: Constructor threw exception
	at org.springframework.beans.BeanUtils.instantiateClass(BeanUtils.java:223) ~[spring-beans-6.2.8.jar:6.2.8]
	at org.springframework.beans.factory.support.SimpleInstantiationStrategy.instantiate(SimpleInstantiationStrategy.java:122) ~[spring-beans-6.2.8.jar:6.2.8]
	at org.springframework.beans.factory.support.AbstractAutowireCapableBeanFactory.instantiateBean(AbstractAutowireCapableBeanFactory.java:1351) ~[spring-beans-6.2.8.jar:6.2.8]
	... 45 common frames omitted
Caused by: java.nio.file.NoSuchFileException: src\main\resources\private.key
	at java.base/sun.nio.fs.WindowsException.translateToIOException(WindowsException.java:85) ~[na:na]
	at java.base/sun.nio.fs.WindowsException.rethrowAsIOException(WindowsException.java:103) ~[na:na]
	at java.base/sun.nio.fs.WindowsException.rethrowAsIOException(WindowsException.java:108) ~[na:na]
	at java.base/sun.nio.fs.WindowsFileSystemProvider.newByteChannel(WindowsFileSystemProvider.java:236) ~[na:na]
	at java.base/java.nio.file.Files.newByteChannel(Files.java:380) ~[na:na]
	at java.base/java.nio.file.Files.newByteChannel(Files.java:432) ~[na:na]
	at java.base/java.nio.file.Files.readAllBytes(Files.java:3288) ~[na:na]
	at java.base/java.nio.file.Files.readString(Files.java:3366) ~[na:na]
	at java.base/java.nio.file.Files.readString(Files.java:3325) ~[na:na]
	at com.r2l.authService.util.JwtUtil.<init>(JwtUtil.java:19) ~[main/:na]
	at java.base/jdk.internal.reflect.NativeConstructorAccessorImpl.newInstance0(Native Method) ~[na:na]
	at java.base/jdk.internal.reflect.NativeConstructorAccessorImpl.newInstance(NativeConstructorAccessorImpl.java:77) ~[na:na]
	at java.base/jdk.internal.reflect.DelegatingConstructorAccessorImpl.newInstance(DelegatingConstructorAccessorImpl.java:45) ~[na:na]
	at java.base/java.lang.reflect.Constructor.newInstanceWithCaller(Constructor.java:500) ~[na:na]
	at java.base/java.lang.reflect.Constructor.newInstance(Constructor.java:481) ~[na:na]
	at org.springframework.beans.BeanUtils.instantiateClass(BeanUtils.java:197) ~[spring-beans-6.2.8.jar:6.2.8]
	... 47 common frames omitted

2025-07-03T11:48:28.662-03:00  INFO 19540 --- [r2l-authentication-service] [main] c.r.authService.AuthServiceApplication   : Starting AuthServiceApplication using Java 17.0.12 with PID 19540 (D:\Road2Learn\r2l-backend\authService\build\classes\java\main started by leona in D:\Road2Learn\r2l-backend)
2025-07-03T11:48:28.666-03:00 DEBUG 19540 --- [r2l-authentication-service] [main] c.r.authService.AuthServiceApplication   : Running with Spring Boot v3.5.1, Spring v6.2.8
2025-07-03T11:48:28.668-03:00  INFO 19540 --- [r2l-authentication-service] [main] c.r.authService.AuthServiceApplication   : The following 1 profile is active: "local"
2025-07-03T11:48:29.935-03:00  INFO 19540 --- [r2l-authentication-service] [main] .s.d.r.c.RepositoryConfigurationDelegate : Bootstrapping Spring Data JPA repositories in DEFAULT mode.
2025-07-03T11:48:29.999-03:00  INFO 19540 --- [r2l-authentication-service] [main] .s.d.r.c.RepositoryConfigurationDelegate : Finished Spring Data repository scanning in 54 ms. Found 1 JPA repository interface.
2025-07-03T11:48:30.532-03:00  INFO 19540 --- [r2l-authentication-service] [main] o.s.b.w.embedded.tomcat.TomcatWebServer  : Tomcat initialized with port 8001 (http)
2025-07-03T11:48:30.545-03:00  INFO 19540 --- [r2l-authentication-service] [main] o.apache.catalina.core.StandardService   : Starting service [Tomcat]
2025-07-03T11:48:30.546-03:00  INFO 19540 --- [r2l-authentication-service] [main] o.apache.catalina.core.StandardEngine    : Starting Servlet engine: [Apache Tomcat/10.1.42]
2025-07-03T11:48:30.603-03:00  INFO 19540 --- [r2l-authentication-service] [main] o.a.c.c.C.[Tomcat].[localhost].[/]       : Initializing Spring embedded WebApplicationContext
2025-07-03T11:48:30.603-03:00  INFO 19540 --- [r2l-authentication-service] [main] w.s.c.ServletWebServerApplicationContext : Root WebApplicationContext: initialization completed in 1858 ms
2025-07-03T11:48:30.748-03:00 DEBUG 19540 --- [r2l-authentication-service] [main] o.s.w.f.ServerHttpObservationFilter      : Filter 'webMvcObservationFilter' configured for use
2025-07-03T11:48:30.893-03:00  INFO 19540 --- [r2l-authentication-service] [main] o.hibernate.jpa.internal.util.LogHelper  : HHH000204: Processing PersistenceUnitInfo [name: default]
2025-07-03T11:48:30.939-03:00  INFO 19540 --- [r2l-authentication-service] [main] org.hibernate.Version                    : HHH000412: Hibernate ORM core version 6.6.18.Final
2025-07-03T11:48:30.973-03:00  INFO 19540 --- [r2l-authentication-service] [main] o.h.c.internal.RegionFactoryInitiator    : HHH000026: Second-level cache disabled
2025-07-03T11:48:31.240-03:00  INFO 19540 --- [r2l-authentication-service] [main] o.s.o.j.p.SpringPersistenceUnitInfo      : No LoadTimeWeaver setup: ignoring JPA class transformer
2025-07-03T11:48:31.269-03:00  INFO 19540 --- [r2l-authentication-service] [main] com.zaxxer.hikari.HikariDataSource       : HikariPool-1 - Starting...
2025-07-03T11:48:31.411-03:00  INFO 19540 --- [r2l-authentication-service] [main] com.zaxxer.hikari.pool.HikariPool        : HikariPool-1 - Added connection org.postgresql.jdbc.PgConnection@2f3cd727
2025-07-03T11:48:31.413-03:00  INFO 19540 --- [r2l-authentication-service] [main] com.zaxxer.hikari.HikariDataSource       : HikariPool-1 - Start completed.
2025-07-03T11:48:31.447-03:00  WARN 19540 --- [r2l-authentication-service] [main] org.hibernate.orm.deprecation            : HHH90000025: PostgreSQLDialect does not need to be specified explicitly using 'hibernate.dialect' (remove the property setting and it will be selected by default)
2025-07-03T11:48:31.474-03:00  INFO 19540 --- [r2l-authentication-service] [main] org.hibernate.orm.connections.pooling    : HHH10001005: Database info:
	Database JDBC URL [Connecting through datasource 'HikariDataSource (HikariPool-1)']
	Database driver: undefined/unknown
	Database version: 17.5
	Autocommit mode: undefined/unknown
	Isolation level: undefined/unknown
	Minimum pool size: undefined/unknown
	Maximum pool size: undefined/unknown
2025-07-03T11:48:32.365-03:00  INFO 19540 --- [r2l-authentication-service] [main] o.h.e.t.j.p.i.JtaPlatformInitiator       : HHH000489: No JTA platform available (set 'hibernate.transaction.jta.platform' to enable JTA platform integration)
2025-07-03T11:48:32.428-03:00  INFO 19540 --- [r2l-authentication-service] [main] j.LocalContainerEntityManagerFactoryBean : Initialized JPA EntityManagerFactory for persistence unit 'default'
2025-07-03T11:48:32.881-03:00  WARN 19540 --- [r2l-authentication-service] [main] ConfigServletWebServerApplicationContext : Exception encountered during context initialization - cancelling refresh attempt: org.springframework.beans.factory.UnsatisfiedDependencyException: Error creating bean with name 'authenticationController' defined in file [D:\Road2Learn\r2l-backend\authService\build\classes\java\main\com\r2l\authService\controller\AuthenticationController.class]: Unsatisfied dependency expressed through constructor parameter 0: Error creating bean with name 'authenticationService' defined in file [D:\Road2Learn\r2l-backend\authService\build\classes\java\main\com\r2l\authService\service\AuthenticationService.class]: Unsatisfied dependency expressed through constructor parameter 4: Error creating bean with name 'jwtUtil' defined in file [D:\Road2Learn\r2l-backend\authService\build\classes\java\main\com\r2l\authService\util\JwtUtil.class]: Failed to instantiate [com.r2l.authService.util.JwtUtil]: Constructor threw exception
2025-07-03T11:48:32.885-03:00  INFO 19540 --- [r2l-authentication-service] [main] j.LocalContainerEntityManagerFactoryBean : Closing JPA EntityManagerFactory for persistence unit 'default'
2025-07-03T11:48:32.888-03:00  INFO 19540 --- [r2l-authentication-service] [main] com.zaxxer.hikari.HikariDataSource       : HikariPool-1 - Shutdown initiated...
2025-07-03T11:48:32.892-03:00  INFO 19540 --- [r2l-authentication-service] [main] com.zaxxer.hikari.HikariDataSource       : HikariPool-1 - Shutdown completed.
2025-07-03T11:48:32.896-03:00  INFO 19540 --- [r2l-authentication-service] [main] o.apache.catalina.core.StandardService   : Stopping service [Tomcat]
2025-07-03T11:48:32.915-03:00  INFO 19540 --- [r2l-authentication-service] [main] .s.b.a.l.ConditionEvaluationReportLogger : 

Error starting ApplicationContext. To display the condition evaluation report re-run your application with 'debug' enabled.
2025-07-03T11:48:32.933-03:00 ERROR 19540 --- [r2l-authentication-service] [main] o.s.boot.SpringApplication               : Application run failed

org.springframework.beans.factory.UnsatisfiedDependencyException: Error creating bean with name 'authenticationController' defined in file [D:\Road2Learn\r2l-backend\authService\build\classes\java\main\com\r2l\authService\controller\AuthenticationController.class]: Unsatisfied dependency expressed through constructor parameter 0: Error creating bean with name 'authenticationService' defined in file [D:\Road2Learn\r2l-backend\authService\build\classes\java\main\com\r2l\authService\service\AuthenticationService.class]: Unsatisfied dependency expressed through constructor parameter 4: Error creating bean with name 'jwtUtil' defined in file [D:\Road2Learn\r2l-backend\authService\build\classes\java\main\com\r2l\authService\util\JwtUtil.class]: Failed to instantiate [com.r2l.authService.util.JwtUtil]: Constructor threw exception
	at org.springframework.beans.factory.support.ConstructorResolver.createArgumentArray(ConstructorResolver.java:804) ~[spring-beans-6.2.8.jar:6.2.8]
	at org.springframework.beans.factory.support.ConstructorResolver.autowireConstructor(ConstructorResolver.java:240) ~[spring-beans-6.2.8.jar:6.2.8]
	at org.springframework.beans.factory.support.AbstractAutowireCapableBeanFactory.autowireConstructor(AbstractAutowireCapableBeanFactory.java:1395) ~[spring-beans-6.2.8.jar:6.2.8]
	at org.springframework.beans.factory.support.AbstractAutowireCapableBeanFactory.createBeanInstance(AbstractAutowireCapableBeanFactory.java:1232) ~[spring-beans-6.2.8.jar:6.2.8]
	at org.springframework.beans.factory.support.AbstractAutowireCapableBeanFactory.doCreateBean(AbstractAutowireCapableBeanFactory.java:569) ~[spring-beans-6.2.8.jar:6.2.8]
	at org.springframework.beans.factory.support.AbstractAutowireCapableBeanFactory.createBean(AbstractAutowireCapableBeanFactory.java:529) ~[spring-beans-6.2.8.jar:6.2.8]
	at org.springframework.beans.factory.support.AbstractBeanFactory.lambda$doGetBean$0(AbstractBeanFactory.java:339) ~[spring-beans-6.2.8.jar:6.2.8]
	at org.springframework.beans.factory.support.DefaultSingletonBeanRegistry.getSingleton(DefaultSingletonBeanRegistry.java:373) ~[spring-beans-6.2.8.jar:6.2.8]
	at org.springframework.beans.factory.support.AbstractBeanFactory.doGetBean(AbstractBeanFactory.java:337) ~[spring-beans-6.2.8.jar:6.2.8]
	at org.springframework.beans.factory.support.AbstractBeanFactory.getBean(AbstractBeanFactory.java:202) ~[spring-beans-6.2.8.jar:6.2.8]
	at org.springframework.beans.factory.support.DefaultListableBeanFactory.instantiateSingleton(DefaultListableBeanFactory.java:1222) ~[spring-beans-6.2.8.jar:6.2.8]
	at org.springframework.beans.factory.support.DefaultListableBeanFactory.preInstantiateSingleton(DefaultListableBeanFactory.java:1188) ~[spring-beans-6.2.8.jar:6.2.8]
	at org.springframework.beans.factory.support.DefaultListableBeanFactory.preInstantiateSingletons(DefaultListableBeanFactory.java:1123) ~[spring-beans-6.2.8.jar:6.2.8]
	at org.springframework.context.support.AbstractApplicationContext.finishBeanFactoryInitialization(AbstractApplicationContext.java:987) ~[spring-context-6.2.8.jar:6.2.8]
	at org.springframework.context.support.AbstractApplicationContext.refresh(AbstractApplicationContext.java:627) ~[spring-context-6.2.8.jar:6.2.8]
	at org.springframework.boot.web.servlet.context.ServletWebServerApplicationContext.refresh(ServletWebServerApplicationContext.java:146) ~[spring-boot-3.5.1.jar:3.5.1]
	at org.springframework.boot.SpringApplication.refresh(SpringApplication.java:752) ~[spring-boot-3.5.1.jar:3.5.1]
	at org.springframework.boot.SpringApplication.refreshContext(SpringApplication.java:439) ~[spring-boot-3.5.1.jar:3.5.1]
	at org.springframework.boot.SpringApplication.run(SpringApplication.java:318) ~[spring-boot-3.5.1.jar:3.5.1]
	at org.springframework.boot.SpringApplication.run(SpringApplication.java:1361) ~[spring-boot-3.5.1.jar:3.5.1]
	at org.springframework.boot.SpringApplication.run(SpringApplication.java:1350) ~[spring-boot-3.5.1.jar:3.5.1]
	at com.r2l.authService.AuthServiceApplication.main(AuthServiceApplication.java:10) ~[main/:na]
Caused by: org.springframework.beans.factory.UnsatisfiedDependencyException: Error creating bean with name 'authenticationService' defined in file [D:\Road2Learn\r2l-backend\authService\build\classes\java\main\com\r2l\authService\service\AuthenticationService.class]: Unsatisfied dependency expressed through constructor parameter 4: Error creating bean with name 'jwtUtil' defined in file [D:\Road2Learn\r2l-backend\authService\build\classes\java\main\com\r2l\authService\util\JwtUtil.class]: Failed to instantiate [com.r2l.authService.util.JwtUtil]: Constructor threw exception
	at org.springframework.beans.factory.support.ConstructorResolver.createArgumentArray(ConstructorResolver.java:804) ~[spring-beans-6.2.8.jar:6.2.8]
	at org.springframework.beans.factory.support.ConstructorResolver.autowireConstructor(ConstructorResolver.java:240) ~[spring-beans-6.2.8.jar:6.2.8]
	at org.springframework.beans.factory.support.AbstractAutowireCapableBeanFactory.autowireConstructor(AbstractAutowireCapableBeanFactory.java:1395) ~[spring-beans-6.2.8.jar:6.2.8]
	at org.springframework.beans.factory.support.AbstractAutowireCapableBeanFactory.createBeanInstance(AbstractAutowireCapableBeanFactory.java:1232) ~[spring-beans-6.2.8.jar:6.2.8]
	at org.springframework.beans.factory.support.AbstractAutowireCapableBeanFactory.doCreateBean(AbstractAutowireCapableBeanFactory.java:569) ~[spring-beans-6.2.8.jar:6.2.8]
	at org.springframework.beans.factory.support.AbstractAutowireCapableBeanFactory.createBean(AbstractAutowireCapableBeanFactory.java:529) ~[spring-beans-6.2.8.jar:6.2.8]
	at org.springframework.beans.factory.support.AbstractBeanFactory.lambda$doGetBean$0(AbstractBeanFactory.java:339) ~[spring-beans-6.2.8.jar:6.2.8]
	at org.springframework.beans.factory.support.DefaultSingletonBeanRegistry.getSingleton(DefaultSingletonBeanRegistry.java:373) ~[spring-beans-6.2.8.jar:6.2.8]
	at org.springframework.beans.factory.support.AbstractBeanFactory.doGetBean(AbstractBeanFactory.java:337) ~[spring-beans-6.2.8.jar:6.2.8]
	at org.springframework.beans.factory.support.AbstractBeanFactory.getBean(AbstractBeanFactory.java:202) ~[spring-beans-6.2.8.jar:6.2.8]
	at org.springframework.beans.factory.support.DefaultListableBeanFactory.doResolveDependency(DefaultListableBeanFactory.java:1683) ~[spring-beans-6.2.8.jar:6.2.8]
	at org.springframework.beans.factory.support.DefaultListableBeanFactory.resolveDependency(DefaultListableBeanFactory.java:1628) ~[spring-beans-6.2.8.jar:6.2.8]
	at org.springframework.beans.factory.support.ConstructorResolver.resolveAutowiredArgument(ConstructorResolver.java:913) ~[spring-beans-6.2.8.jar:6.2.8]
	at org.springframework.beans.factory.support.ConstructorResolver.createArgumentArray(ConstructorResolver.java:791) ~[spring-beans-6.2.8.jar:6.2.8]
	... 21 common frames omitted
Caused by: org.springframework.beans.factory.BeanCreationException: Error creating bean with name 'jwtUtil' defined in file [D:\Road2Learn\r2l-backend\authService\build\classes\java\main\com\r2l\authService\util\JwtUtil.class]: Failed to instantiate [com.r2l.authService.util.JwtUtil]: Constructor threw exception
	at org.springframework.beans.factory.support.ConstructorResolver.instantiate(ConstructorResolver.java:321) ~[spring-beans-6.2.8.jar:6.2.8]
	at org.springframework.beans.factory.support.ConstructorResolver.autowireConstructor(ConstructorResolver.java:309) ~[spring-beans-6.2.8.jar:6.2.8]
	at org.springframework.beans.factory.support.AbstractAutowireCapableBeanFactory.autowireConstructor(AbstractAutowireCapableBeanFactory.java:1395) ~[spring-beans-6.2.8.jar:6.2.8]
	at org.springframework.beans.factory.support.AbstractAutowireCapableBeanFactory.createBeanInstance(AbstractAutowireCapableBeanFactory.java:1232) ~[spring-beans-6.2.8.jar:6.2.8]
	at org.springframework.beans.factory.support.AbstractAutowireCapableBeanFactory.doCreateBean(AbstractAutowireCapableBeanFactory.java:569) ~[spring-beans-6.2.8.jar:6.2.8]
	at org.springframework.beans.factory.support.AbstractAutowireCapableBeanFactory.createBean(AbstractAutowireCapableBeanFactory.java:529) ~[spring-beans-6.2.8.jar:6.2.8]
	at org.springframework.beans.factory.support.AbstractBeanFactory.lambda$doGetBean$0(AbstractBeanFactory.java:339) ~[spring-beans-6.2.8.jar:6.2.8]
	at org.springframework.beans.factory.support.DefaultSingletonBeanRegistry.getSingleton(DefaultSingletonBeanRegistry.java:373) ~[spring-beans-6.2.8.jar:6.2.8]
	at org.springframework.beans.factory.support.AbstractBeanFactory.doGetBean(AbstractBeanFactory.java:337) ~[spring-beans-6.2.8.jar:6.2.8]
	at org.springframework.beans.factory.support.AbstractBeanFactory.getBean(AbstractBeanFactory.java:202) ~[spring-beans-6.2.8.jar:6.2.8]
	at org.springframework.beans.factory.support.DefaultListableBeanFactory.doResolveDependency(DefaultListableBeanFactory.java:1683) ~[spring-beans-6.2.8.jar:6.2.8]
	at org.springframework.beans.factory.support.DefaultListableBeanFactory.resolveDependency(DefaultListableBeanFactory.java:1628) ~[spring-beans-6.2.8.jar:6.2.8]
	at org.springframework.beans.factory.support.ConstructorResolver.resolveAutowiredArgument(ConstructorResolver.java:913) ~[spring-beans-6.2.8.jar:6.2.8]
	at org.springframework.beans.factory.support.ConstructorResolver.createArgumentArray(ConstructorResolver.java:791) ~[spring-beans-6.2.8.jar:6.2.8]
	... 34 common frames omitted
Caused by: org.springframework.beans.BeanInstantiationException: Failed to instantiate [com.r2l.authService.util.JwtUtil]: Constructor threw exception
	at org.springframework.beans.BeanUtils.instantiateClass(BeanUtils.java:223) ~[spring-beans-6.2.8.jar:6.2.8]
	at org.springframework.beans.factory.support.SimpleInstantiationStrategy.instantiate(SimpleInstantiationStrategy.java:145) ~[spring-beans-6.2.8.jar:6.2.8]
	at org.springframework.beans.factory.support.ConstructorResolver.instantiate(ConstructorResolver.java:318) ~[spring-beans-6.2.8.jar:6.2.8]
	... 47 common frames omitted
Caused by: java.io.FileNotFoundException: class path resource [public_key.pem] cannot be opened because it does not exist
	at org.springframework.core.io.ClassPathResource.getInputStream(ClassPathResource.java:215) ~[spring-core-6.2.8.jar:6.2.8]
	at com.r2l.authService.util.JwtUtil.<init>(JwtUtil.java:23) ~[main/:na]
	at java.base/jdk.internal.reflect.NativeConstructorAccessorImpl.newInstance0(Native Method) ~[na:na]
	at java.base/jdk.internal.reflect.NativeConstructorAccessorImpl.newInstance(NativeConstructorAccessorImpl.java:77) ~[na:na]
	at java.base/jdk.internal.reflect.DelegatingConstructorAccessorImpl.newInstance(DelegatingConstructorAccessorImpl.java:45) ~[na:na]
	at java.base/java.lang.reflect.Constructor.newInstanceWithCaller(Constructor.java:500) ~[na:na]
	at java.base/java.lang.reflect.Constructor.newInstance(Constructor.java:481) ~[na:na]
	at org.springframework.beans.BeanUtils.instantiateClass(BeanUtils.java:210) ~[spring-beans-6.2.8.jar:6.2.8]
	... 49 common frames omitted

2025-07-03T11:49:17.468-03:00  INFO 5964 --- [r2l-authentication-service] [main] c.r.authService.AuthServiceApplication   : Starting AuthServiceApplication using Java 17.0.12 with PID 5964 (D:\Road2Learn\r2l-backend\authService\build\classes\java\main started by leona in D:\Road2Learn\r2l-backend)
2025-07-03T11:49:17.470-03:00 DEBUG 5964 --- [r2l-authentication-service] [main] c.r.authService.AuthServiceApplication   : Running with Spring Boot v3.5.1, Spring v6.2.8
2025-07-03T11:49:17.472-03:00  INFO 5964 --- [r2l-authentication-service] [main] c.r.authService.AuthServiceApplication   : The following 1 profile is active: "local"
2025-07-03T11:49:18.512-03:00  INFO 5964 --- [r2l-authentication-service] [main] .s.d.r.c.RepositoryConfigurationDelegate : Bootstrapping Spring Data JPA repositories in DEFAULT mode.
2025-07-03T11:49:18.575-03:00  INFO 5964 --- [r2l-authentication-service] [main] .s.d.r.c.RepositoryConfigurationDelegate : Finished Spring Data repository scanning in 54 ms. Found 1 JPA repository interface.
2025-07-03T11:49:19.099-03:00  INFO 5964 --- [r2l-authentication-service] [main] o.s.b.w.embedded.tomcat.TomcatWebServer  : Tomcat initialized with port 8001 (http)
2025-07-03T11:49:19.112-03:00  INFO 5964 --- [r2l-authentication-service] [main] o.apache.catalina.core.StandardService   : Starting service [Tomcat]
2025-07-03T11:49:19.112-03:00  INFO 5964 --- [r2l-authentication-service] [main] o.apache.catalina.core.StandardEngine    : Starting Servlet engine: [Apache Tomcat/10.1.42]
2025-07-03T11:49:19.168-03:00  INFO 5964 --- [r2l-authentication-service] [main] o.a.c.c.C.[Tomcat].[localhost].[/]       : Initializing Spring embedded WebApplicationContext
2025-07-03T11:49:19.169-03:00  INFO 5964 --- [r2l-authentication-service] [main] w.s.c.ServletWebServerApplicationContext : Root WebApplicationContext: initialization completed in 1656 ms
2025-07-03T11:49:19.311-03:00 DEBUG 5964 --- [r2l-authentication-service] [main] o.s.w.f.ServerHttpObservationFilter      : Filter 'webMvcObservationFilter' configured for use
2025-07-03T11:49:19.460-03:00  INFO 5964 --- [r2l-authentication-service] [main] o.hibernate.jpa.internal.util.LogHelper  : HHH000204: Processing PersistenceUnitInfo [name: default]
2025-07-03T11:49:19.506-03:00  INFO 5964 --- [r2l-authentication-service] [main] org.hibernate.Version                    : HHH000412: Hibernate ORM core version 6.6.18.Final
2025-07-03T11:49:19.544-03:00  INFO 5964 --- [r2l-authentication-service] [main] o.h.c.internal.RegionFactoryInitiator    : HHH000026: Second-level cache disabled
2025-07-03T11:49:19.820-03:00  INFO 5964 --- [r2l-authentication-service] [main] o.s.o.j.p.SpringPersistenceUnitInfo      : No LoadTimeWeaver setup: ignoring JPA class transformer
2025-07-03T11:49:19.849-03:00  INFO 5964 --- [r2l-authentication-service] [main] com.zaxxer.hikari.HikariDataSource       : HikariPool-1 - Starting...
2025-07-03T11:49:19.995-03:00  INFO 5964 --- [r2l-authentication-service] [main] com.zaxxer.hikari.pool.HikariPool        : HikariPool-1 - Added connection org.postgresql.jdbc.PgConnection@5897aae1
2025-07-03T11:49:19.998-03:00  INFO 5964 --- [r2l-authentication-service] [main] com.zaxxer.hikari.HikariDataSource       : HikariPool-1 - Start completed.
2025-07-03T11:49:20.036-03:00  WARN 5964 --- [r2l-authentication-service] [main] org.hibernate.orm.deprecation            : HHH90000025: PostgreSQLDialect does not need to be specified explicitly using 'hibernate.dialect' (remove the property setting and it will be selected by default)
2025-07-03T11:49:20.063-03:00  INFO 5964 --- [r2l-authentication-service] [main] org.hibernate.orm.connections.pooling    : HHH10001005: Database info:
	Database JDBC URL [Connecting through datasource 'HikariDataSource (HikariPool-1)']
	Database driver: undefined/unknown
	Database version: 17.5
	Autocommit mode: undefined/unknown
	Isolation level: undefined/unknown
	Minimum pool size: undefined/unknown
	Maximum pool size: undefined/unknown
2025-07-03T11:49:20.901-03:00  INFO 5964 --- [r2l-authentication-service] [main] o.h.e.t.j.p.i.JtaPlatformInitiator       : HHH000489: No JTA platform available (set 'hibernate.transaction.jta.platform' to enable JTA platform integration)
2025-07-03T11:49:20.967-03:00  INFO 5964 --- [r2l-authentication-service] [main] j.LocalContainerEntityManagerFactoryBean : Initialized JPA EntityManagerFactory for persistence unit 'default'
2025-07-03T11:49:21.520-03:00 TRACE 5964 --- [r2l-authentication-service] [main] eGlobalAuthenticationAutowiredConfigurer : Eagerly initializing {securityConfig=com.r2l.authService.config.SecurityConfig$$SpringCGLIB$$0@394fb736}
2025-07-03T11:49:21.528-03:00  INFO 5964 --- [r2l-authentication-service] [main] r$InitializeUserDetailsManagerConfigurer : Global AuthenticationManager configured with UserDetailsService bean with name customUserDetailsService
2025-07-03T11:49:21.594-03:00  WARN 5964 --- [r2l-authentication-service] [main] JpaBaseConfiguration$JpaWebConfiguration : spring.jpa.open-in-view is enabled by default. Therefore, database queries may be performed during view rendering. Explicitly configure spring.jpa.open-in-view to disable this warning
2025-07-03T11:49:21.666-03:00 TRACE 5964 --- [r2l-authentication-service] [main] s.w.s.m.m.a.RequestMappingHandlerMapping : 
	c.r.a.c.AuthenticationController:
	{POST [/auth/login]}: loginWithEmailAndPassword(LoginEmailAndPasswordRequestDTO)
	{POST [/auth/register]}: createUser(CreateUserRequestDTO)
2025-07-03T11:49:21.675-03:00 TRACE 5964 --- [r2l-authentication-service] [main] s.w.s.m.m.a.RequestMappingHandlerMapping : 
	o.s.b.a.w.s.e.BasicErrorController:
	{ [/error], produces [text/html]}: errorHtml(HttpServletRequest,HttpServletResponse)
	{ [/error]}: error(HttpServletRequest)
2025-07-03T11:49:21.678-03:00 DEBUG 5964 --- [r2l-authentication-service] [main] s.w.s.m.m.a.RequestMappingHandlerMapping : 4 mappings in 'requestMappingHandlerMapping'
2025-07-03T11:49:21.684-03:00 DEBUG 5964 --- [r2l-authentication-service] [main] o.s.w.s.h.BeanNameUrlHandlerMapping      : Detected 0 mappings in 'beanNameHandlerMapping'
2025-07-03T11:49:21.751-03:00 TRACE 5964 --- [r2l-authentication-service] [main] o.s.w.s.f.support.RouterFunctionMapping  : 0 RouterFunction(s) in 'routerFunctionMapping'
2025-07-03T11:49:21.770-03:00 TRACE 5964 --- [r2l-authentication-service] [main] o.s.w.s.handler.SimpleUrlHandlerMapping  : Mapped [/webjars/**] onto ResourceHttpRequestHandler [classpath [META-INF/resources/webjars/]]
2025-07-03T11:49:21.771-03:00 TRACE 5964 --- [r2l-authentication-service] [main] o.s.w.s.handler.SimpleUrlHandlerMapping  : Mapped [/**] onto ResourceHttpRequestHandler [classpath [META-INF/resources/], classpath [resources/], classpath [static/], classpath [public/], ServletContext [/]]
2025-07-03T11:49:21.771-03:00 DEBUG 5964 --- [r2l-authentication-service] [main] o.s.w.s.handler.SimpleUrlHandlerMapping  : Patterns [/webjars/**, /**] in 'resourceHandlerMapping'
2025-07-03T11:49:21.918-03:00  INFO 5964 --- [r2l-authentication-service] [main] o.s.b.a.e.web.EndpointLinksResolver      : Exposing 1 endpoint beneath base path '/actuator'
2025-07-03T11:49:22.033-03:00 DEBUG 5964 --- [r2l-authentication-service] [main] o.s.s.web.DefaultSecurityFilterChain     : Will secure any request with filters: DisableEncodeUrlFilter, WebAsyncManagerIntegrationFilter, SecurityContextHolderFilter, HeaderWriterFilter, LogoutFilter, GatewaySecurityFilter, RequestCacheAwareFilter, SecurityContextHolderAwareRequestFilter, AnonymousAuthenticationFilter, ExceptionTranslationFilter, AuthorizationFilter
2025-07-03T11:49:22.152-03:00 DEBUG 5964 --- [r2l-authentication-service] [main] s.w.s.m.m.a.RequestMappingHandlerAdapter : ControllerAdvice beans: 0 @ModelAttribute, 0 @InitBinder, 1 RequestBodyAdvice, 1 ResponseBodyAdvice
2025-07-03T11:49:22.217-03:00 DEBUG 5964 --- [r2l-authentication-service] [main] .m.m.a.ExceptionHandlerExceptionResolver : ControllerAdvice beans: 1 @ExceptionHandler, 1 ResponseBodyAdvice
2025-07-03T11:49:22.505-03:00  INFO 5964 --- [r2l-authentication-service] [main] o.s.b.w.embedded.tomcat.TomcatWebServer  : Tomcat started on port 8001 (http) with context path '/'
2025-07-03T11:49:22.521-03:00  INFO 5964 --- [r2l-authentication-service] [main] c.r.authService.AuthServiceApplication   : Started AuthServiceApplication in 5.796 seconds (process running for 6.562)
2025-07-03T11:49:22.992-03:00  INFO 5964 --- [r2l-authentication-service] [RMI TCP Connection(2)-172.23.176.1] o.a.c.c.C.[Tomcat].[localhost].[/]       : Initializing Spring DispatcherServlet 'dispatcherServlet'
2025-07-03T11:49:22.992-03:00  INFO 5964 --- [r2l-authentication-service] [RMI TCP Connection(4)-172.23.176.1] o.s.a.r.c.CachingConnectionFactory       : Attempting to connect to: [localhost:5672]
2025-07-03T11:49:22.993-03:00  INFO 5964 --- [r2l-authentication-service] [RMI TCP Connection(2)-172.23.176.1] o.s.web.servlet.DispatcherServlet        : Initializing Servlet 'dispatcherServlet'
2025-07-03T11:49:22.993-03:00 TRACE 5964 --- [r2l-authentication-service] [RMI TCP Connection(2)-172.23.176.1] o.s.web.servlet.DispatcherServlet        : Detected org.springframework.web.multipart.support.StandardServletMultipartResolver@57e6f449
2025-07-03T11:49:22.993-03:00 TRACE 5964 --- [r2l-authentication-service] [RMI TCP Connection(2)-172.23.176.1] o.s.web.servlet.DispatcherServlet        : Detected org.springframework.web.servlet.i18n.AcceptHeaderLocaleResolver@7671c02d
2025-07-03T11:49:22.993-03:00 TRACE 5964 --- [r2l-authentication-service] [RMI TCP Connection(2)-172.23.176.1] o.s.web.servlet.DispatcherServlet        : Detected org.springframework.web.servlet.theme.FixedThemeResolver@35fd987b
2025-07-03T11:49:22.996-03:00 TRACE 5964 --- [r2l-authentication-service] [RMI TCP Connection(2)-172.23.176.1] o.s.web.servlet.DispatcherServlet        : Detected DefaultRequestToViewNameTranslator
2025-07-03T11:49:22.997-03:00 TRACE 5964 --- [r2l-authentication-service] [RMI TCP Connection(2)-172.23.176.1] o.s.web.servlet.DispatcherServlet        : Detected SessionFlashMapManager
2025-07-03T11:49:22.998-03:00 DEBUG 5964 --- [r2l-authentication-service] [RMI TCP Connection(2)-172.23.176.1] o.s.web.servlet.DispatcherServlet        : enableLoggingRequestDetails='false': request parameters and headers will be masked to prevent unsafe logging of potentially sensitive data
2025-07-03T11:49:22.999-03:00  INFO 5964 --- [r2l-authentication-service] [RMI TCP Connection(2)-172.23.176.1] o.s.web.servlet.DispatcherServlet        : Completed initialization in 5 ms
2025-07-03T11:49:23.080-03:00  INFO 5964 --- [r2l-authentication-service] [RMI TCP Connection(4)-172.23.176.1] o.s.a.r.c.CachingConnectionFactory       : Created new connection: rabbitConnectionFactory#62c02089:0/SimpleConnection@7cf1358d [delegate=amqp://guest@127.0.0.1:5672/, localPort=65005]
2025-07-03T11:58:44.815-03:00  INFO 5964 --- [r2l-authentication-service] [SpringApplicationShutdownHook] o.s.b.w.e.tomcat.GracefulShutdown        : Commencing graceful shutdown. Waiting for active requests to complete
2025-07-03T11:58:45.021-03:00  INFO 5964 --- [r2l-authentication-service] [tomcat-shutdown] o.s.b.w.e.tomcat.GracefulShutdown        : Graceful shutdown complete
2025-07-03T11:58:45.044-03:00  INFO 5964 --- [r2l-authentication-service] [SpringApplicationShutdownHook] j.LocalContainerEntityManagerFactoryBean : Closing JPA EntityManagerFactory for persistence unit 'default'
2025-07-03T11:58:45.046-03:00  INFO 5964 --- [r2l-authentication-service] [SpringApplicationShutdownHook] com.zaxxer.hikari.HikariDataSource       : HikariPool-1 - Shutdown initiated...
2025-07-03T11:58:45.050-03:00  INFO 5964 --- [r2l-authentication-service] [SpringApplicationShutdownHook] com.zaxxer.hikari.HikariDataSource       : HikariPool-1 - Shutdown completed.
2025-07-03T12:04:44.102-03:00  INFO 380 --- [r2l-authentication-service] [main] c.r.authService.AuthServiceApplication   : Starting AuthServiceApplication using Java 17.0.12 with PID 380 (D:\Road2Learn\r2l-backend\authService\build\classes\java\main started by leona in D:\Road2Learn\r2l-backend)
2025-07-03T12:04:44.109-03:00 DEBUG 380 --- [r2l-authentication-service] [main] c.r.authService.AuthServiceApplication   : Running with Spring Boot v3.5.1, Spring v6.2.8
2025-07-03T12:04:44.113-03:00  INFO 380 --- [r2l-authentication-service] [main] c.r.authService.AuthServiceApplication   : The following 1 profile is active: "local"
2025-07-03T12:04:46.401-03:00  INFO 380 --- [r2l-authentication-service] [main] .s.d.r.c.RepositoryConfigurationDelegate : Bootstrapping Spring Data JPA repositories in DEFAULT mode.
2025-07-03T12:04:46.464-03:00  INFO 380 --- [r2l-authentication-service] [main] .s.d.r.c.RepositoryConfigurationDelegate : Finished Spring Data repository scanning in 53 ms. Found 1 JPA repository interface.
2025-07-03T12:04:47.004-03:00  INFO 380 --- [r2l-authentication-service] [main] o.s.b.w.embedded.tomcat.TomcatWebServer  : Tomcat initialized with port 8001 (http)
2025-07-03T12:04:47.017-03:00  INFO 380 --- [r2l-authentication-service] [main] o.apache.catalina.core.StandardService   : Starting service [Tomcat]
2025-07-03T12:04:47.018-03:00  INFO 380 --- [r2l-authentication-service] [main] o.apache.catalina.core.StandardEngine    : Starting Servlet engine: [Apache Tomcat/10.1.42]
2025-07-03T12:04:47.072-03:00  INFO 380 --- [r2l-authentication-service] [main] o.a.c.c.C.[Tomcat].[localhost].[/]       : Initializing Spring embedded WebApplicationContext
2025-07-03T12:04:47.073-03:00  INFO 380 --- [r2l-authentication-service] [main] w.s.c.ServletWebServerApplicationContext : Root WebApplicationContext: initialization completed in 2871 ms
2025-07-03T12:04:47.226-03:00 DEBUG 380 --- [r2l-authentication-service] [main] o.s.w.f.ServerHttpObservationFilter      : Filter 'webMvcObservationFilter' configured for use
2025-07-03T12:04:47.357-03:00  INFO 380 --- [r2l-authentication-service] [main] o.hibernate.jpa.internal.util.LogHelper  : HHH000204: Processing PersistenceUnitInfo [name: default]
2025-07-03T12:04:47.407-03:00  INFO 380 --- [r2l-authentication-service] [main] org.hibernate.Version                    : HHH000412: Hibernate ORM core version 6.6.18.Final
2025-07-03T12:04:47.439-03:00  INFO 380 --- [r2l-authentication-service] [main] o.h.c.internal.RegionFactoryInitiator    : HHH000026: Second-level cache disabled
2025-07-03T12:04:47.728-03:00  INFO 380 --- [r2l-authentication-service] [main] o.s.o.j.p.SpringPersistenceUnitInfo      : No LoadTimeWeaver setup: ignoring JPA class transformer
2025-07-03T12:04:47.756-03:00  INFO 380 --- [r2l-authentication-service] [main] com.zaxxer.hikari.HikariDataSource       : HikariPool-1 - Starting...
2025-07-03T12:04:47.915-03:00  INFO 380 --- [r2l-authentication-service] [main] com.zaxxer.hikari.pool.HikariPool        : HikariPool-1 - Added connection org.postgresql.jdbc.PgConnection@25b20860
2025-07-03T12:04:47.918-03:00  INFO 380 --- [r2l-authentication-service] [main] com.zaxxer.hikari.HikariDataSource       : HikariPool-1 - Start completed.
2025-07-03T12:04:47.965-03:00  WARN 380 --- [r2l-authentication-service] [main] org.hibernate.orm.deprecation            : HHH90000025: PostgreSQLDialect does not need to be specified explicitly using 'hibernate.dialect' (remove the property setting and it will be selected by default)
2025-07-03T12:04:47.994-03:00  INFO 380 --- [r2l-authentication-service] [main] org.hibernate.orm.connections.pooling    : HHH10001005: Database info:
	Database JDBC URL [Connecting through datasource 'HikariDataSource (HikariPool-1)']
	Database driver: undefined/unknown
	Database version: 17.5
	Autocommit mode: undefined/unknown
	Isolation level: undefined/unknown
	Minimum pool size: undefined/unknown
	Maximum pool size: undefined/unknown
2025-07-03T12:04:48.843-03:00  INFO 380 --- [r2l-authentication-service] [main] o.h.e.t.j.p.i.JtaPlatformInitiator       : HHH000489: No JTA platform available (set 'hibernate.transaction.jta.platform' to enable JTA platform integration)
2025-07-03T12:04:48.902-03:00  INFO 380 --- [r2l-authentication-service] [main] j.LocalContainerEntityManagerFactoryBean : Initialized JPA EntityManagerFactory for persistence unit 'default'
2025-07-03T12:04:49.466-03:00 TRACE 380 --- [r2l-authentication-service] [main] eGlobalAuthenticationAutowiredConfigurer : Eagerly initializing {securityConfig=com.r2l.authService.config.SecurityConfig$$SpringCGLIB$$0@240a2619}
2025-07-03T12:04:49.473-03:00  INFO 380 --- [r2l-authentication-service] [main] r$InitializeUserDetailsManagerConfigurer : Global AuthenticationManager configured with UserDetailsService bean with name customUserDetailsService
2025-07-03T12:04:49.532-03:00  WARN 380 --- [r2l-authentication-service] [main] JpaBaseConfiguration$JpaWebConfiguration : spring.jpa.open-in-view is enabled by default. Therefore, database queries may be performed during view rendering. Explicitly configure spring.jpa.open-in-view to disable this warning
2025-07-03T12:04:49.605-03:00 TRACE 380 --- [r2l-authentication-service] [main] s.w.s.m.m.a.RequestMappingHandlerMapping : 
	c.r.a.c.AuthenticationController:
	{POST [/auth/register]}: createUser(CreateUserRequestDTO)
	{POST [/auth/login]}: loginWithEmailAndPassword(LoginEmailAndPasswordRequestDTO)
2025-07-03T12:04:49.614-03:00 TRACE 380 --- [r2l-authentication-service] [main] s.w.s.m.m.a.RequestMappingHandlerMapping : 
	o.s.b.a.w.s.e.BasicErrorController:
	{ [/error]}: error(HttpServletRequest)
	{ [/error], produces [text/html]}: errorHtml(HttpServletRequest,HttpServletResponse)
2025-07-03T12:04:49.617-03:00 DEBUG 380 --- [r2l-authentication-service] [main] s.w.s.m.m.a.RequestMappingHandlerMapping : 4 mappings in 'requestMappingHandlerMapping'
2025-07-03T12:04:49.623-03:00 DEBUG 380 --- [r2l-authentication-service] [main] o.s.w.s.h.BeanNameUrlHandlerMapping      : Detected 0 mappings in 'beanNameHandlerMapping'
2025-07-03T12:04:49.690-03:00 TRACE 380 --- [r2l-authentication-service] [main] o.s.w.s.f.support.RouterFunctionMapping  : 0 RouterFunction(s) in 'routerFunctionMapping'
2025-07-03T12:04:49.706-03:00 TRACE 380 --- [r2l-authentication-service] [main] o.s.w.s.handler.SimpleUrlHandlerMapping  : Mapped [/webjars/**] onto ResourceHttpRequestHandler [classpath [META-INF/resources/webjars/]]
2025-07-03T12:04:49.707-03:00 TRACE 380 --- [r2l-authentication-service] [main] o.s.w.s.handler.SimpleUrlHandlerMapping  : Mapped [/**] onto ResourceHttpRequestHandler [classpath [META-INF/resources/], classpath [resources/], classpath [static/], classpath [public/], ServletContext [/]]
2025-07-03T12:04:49.708-03:00 DEBUG 380 --- [r2l-authentication-service] [main] o.s.w.s.handler.SimpleUrlHandlerMapping  : Patterns [/webjars/**, /**] in 'resourceHandlerMapping'
2025-07-03T12:04:49.891-03:00  INFO 380 --- [r2l-authentication-service] [main] o.s.b.a.e.web.EndpointLinksResolver      : Exposing 1 endpoint beneath base path '/actuator'
2025-07-03T12:04:50.026-03:00 DEBUG 380 --- [r2l-authentication-service] [main] o.s.s.web.DefaultSecurityFilterChain     : Will secure any request with filters: DisableEncodeUrlFilter, WebAsyncManagerIntegrationFilter, SecurityContextHolderFilter, HeaderWriterFilter, LogoutFilter, GatewaySecurityFilter, RequestCacheAwareFilter, SecurityContextHolderAwareRequestFilter, AnonymousAuthenticationFilter, ExceptionTranslationFilter, AuthorizationFilter
2025-07-03T12:04:50.105-03:00 DEBUG 380 --- [r2l-authentication-service] [main] s.w.s.m.m.a.RequestMappingHandlerAdapter : ControllerAdvice beans: 0 @ModelAttribute, 0 @InitBinder, 1 RequestBodyAdvice, 1 ResponseBodyAdvice
2025-07-03T12:04:50.163-03:00 DEBUG 380 --- [r2l-authentication-service] [main] .m.m.a.ExceptionHandlerExceptionResolver : ControllerAdvice beans: 1 @ExceptionHandler, 1 ResponseBodyAdvice
2025-07-03T12:04:50.472-03:00  INFO 380 --- [r2l-authentication-service] [main] o.s.b.w.embedded.tomcat.TomcatWebServer  : Tomcat started on port 8001 (http) with context path '/'
2025-07-03T12:04:50.487-03:00  INFO 380 --- [r2l-authentication-service] [main] c.r.authService.AuthServiceApplication   : Started AuthServiceApplication in 7.666 seconds (process running for 8.587)
2025-07-03T12:04:50.669-03:00  INFO 380 --- [r2l-authentication-service] [RMI TCP Connection(2)-172.23.176.1] o.s.a.r.c.CachingConnectionFactory       : Attempting to connect to: [localhost:5672]
2025-07-03T12:04:50.670-03:00  INFO 380 --- [r2l-authentication-service] [RMI TCP Connection(3)-172.23.176.1] o.a.c.c.C.[Tomcat].[localhost].[/]       : Initializing Spring DispatcherServlet 'dispatcherServlet'
2025-07-03T12:04:50.670-03:00  INFO 380 --- [r2l-authentication-service] [RMI TCP Connection(3)-172.23.176.1] o.s.web.servlet.DispatcherServlet        : Initializing Servlet 'dispatcherServlet'
2025-07-03T12:04:50.671-03:00 TRACE 380 --- [r2l-authentication-service] [RMI TCP Connection(3)-172.23.176.1] o.s.web.servlet.DispatcherServlet        : Detected org.springframework.web.multipart.support.StandardServletMultipartResolver@1828eff
2025-07-03T12:04:50.672-03:00 TRACE 380 --- [r2l-authentication-service] [RMI TCP Connection(3)-172.23.176.1] o.s.web.servlet.DispatcherServlet        : Detected org.springframework.web.servlet.i18n.AcceptHeaderLocaleResolver@f8dfcbe
2025-07-03T12:04:50.673-03:00 TRACE 380 --- [r2l-authentication-service] [RMI TCP Connection(3)-172.23.176.1] o.s.web.servlet.DispatcherServlet        : Detected org.springframework.web.servlet.theme.FixedThemeResolver@4aa4bfa1
2025-07-03T12:04:50.677-03:00 TRACE 380 --- [r2l-authentication-service] [RMI TCP Connection(3)-172.23.176.1] o.s.web.servlet.DispatcherServlet        : Detected DefaultRequestToViewNameTranslator
2025-07-03T12:04:50.678-03:00 TRACE 380 --- [r2l-authentication-service] [RMI TCP Connection(3)-172.23.176.1] o.s.web.servlet.DispatcherServlet        : Detected SessionFlashMapManager
2025-07-03T12:04:50.680-03:00 DEBUG 380 --- [r2l-authentication-service] [RMI TCP Connection(3)-172.23.176.1] o.s.web.servlet.DispatcherServlet        : enableLoggingRequestDetails='false': request parameters and headers will be masked to prevent unsafe logging of potentially sensitive data
2025-07-03T12:04:50.682-03:00  INFO 380 --- [r2l-authentication-service] [RMI TCP Connection(3)-172.23.176.1] o.s.web.servlet.DispatcherServlet        : Completed initialization in 12 ms
2025-07-03T12:04:50.766-03:00  INFO 380 --- [r2l-authentication-service] [RMI TCP Connection(2)-172.23.176.1] o.s.a.r.c.CachingConnectionFactory       : Created new connection: rabbitConnectionFactory#7a02d760:0/SimpleConnection@4e838fef [delegate=amqp://guest@127.0.0.1:5672/, localPort=65478]
